{
    "PromethION data test": {
        "content": [
            4,
            {
                "FASTQC": {
                    "fastqc": "0.12.1"
                },
                "FASTQSCREEN_FASTQSCREEN": {
                    "fastqscreen": "0.16.0"
                },
                "SEQFU_STATS": {
                    "seqfu": "1.20.3"
                },
                "Workflow": {
                    "nf-core/seqinspector": "v1.0dev"
                }
            },
            [
                "fastqc",
                "fastqc/hg001_1_fastqc.html",
                "fastqc/hg001_1_fastqc.zip",
                "fastqscreen",
                "fastqscreen/hg001_1_screen.html",
                "fastqscreen/hg001_1_screen.png",
                "fastqscreen/hg001_1_screen.txt",
                "multiqc",
                "multiqc/global_report",
                "multiqc/global_report/multiqc_data",
                "multiqc/global_report/multiqc_data/fastq_screen_plot.txt",
                "multiqc/global_report/multiqc_data/fastqc-status-check-heatmap.txt",
                "multiqc/global_report/multiqc_data/fastqc_adapter_content_plot.txt",
                "multiqc/global_report/multiqc_data/fastqc_overrepresented_sequences_plot.txt",
                "multiqc/global_report/multiqc_data/fastqc_per_base_n_content_plot.txt",
                "multiqc/global_report/multiqc_data/fastqc_per_base_sequence_quality_plot.txt",
                "multiqc/global_report/multiqc_data/fastqc_per_sequence_gc_content_plot_Counts.txt",
                "multiqc/global_report/multiqc_data/fastqc_per_sequence_gc_content_plot_Percentages.txt",
                "multiqc/global_report/multiqc_data/fastqc_per_sequence_quality_scores_plot.txt",
                "multiqc/global_report/multiqc_data/fastqc_sequence_counts_plot.txt",
                "multiqc/global_report/multiqc_data/fastqc_sequence_duplication_levels_plot.txt",
                "multiqc/global_report/multiqc_data/fastqc_sequence_length_distribution_plot.txt",
                "multiqc/global_report/multiqc_data/fastqc_top_overrepresented_sequences_table.txt",
                "multiqc/global_report/multiqc_data/multiqc.log",
                "multiqc/global_report/multiqc_data/multiqc_citations.txt",
                "multiqc/global_report/multiqc_data/multiqc_data.json",
                "multiqc/global_report/multiqc_data/multiqc_fastq_screen.txt",
                "multiqc/global_report/multiqc_data/multiqc_fastqc.txt",
                "multiqc/global_report/multiqc_data/multiqc_general_stats.txt",
                "multiqc/global_report/multiqc_data/multiqc_hg001_1.txt",
                "multiqc/global_report/multiqc_data/multiqc_software_versions.txt",
                "multiqc/global_report/multiqc_data/multiqc_sources.txt",
                "multiqc/global_report/multiqc_plots",
                "multiqc/global_report/multiqc_plots/pdf",
                "multiqc/global_report/multiqc_plots/pdf/fastq_screen_plot-cnt.pdf",
                "multiqc/global_report/multiqc_plots/pdf/fastq_screen_plot-pct.pdf",
                "multiqc/global_report/multiqc_plots/pdf/fastqc-status-check-heatmap.pdf",
                "multiqc/global_report/multiqc_plots/pdf/fastqc_adapter_content_plot.pdf",
                "multiqc/global_report/multiqc_plots/pdf/fastqc_overrepresented_sequences_plot.pdf",
                "multiqc/global_report/multiqc_plots/pdf/fastqc_per_base_n_content_plot.pdf",
                "multiqc/global_report/multiqc_plots/pdf/fastqc_per_base_sequence_quality_plot.pdf",
                "multiqc/global_report/multiqc_plots/pdf/fastqc_per_sequence_gc_content_plot_Counts.pdf",
                "multiqc/global_report/multiqc_plots/pdf/fastqc_per_sequence_gc_content_plot_Percentages.pdf",
                "multiqc/global_report/multiqc_plots/pdf/fastqc_per_sequence_quality_scores_plot.pdf",
                "multiqc/global_report/multiqc_plots/pdf/fastqc_sequence_counts_plot-cnt.pdf",
                "multiqc/global_report/multiqc_plots/pdf/fastqc_sequence_counts_plot-pct.pdf",
                "multiqc/global_report/multiqc_plots/pdf/fastqc_sequence_duplication_levels_plot.pdf",
                "multiqc/global_report/multiqc_plots/pdf/fastqc_sequence_length_distribution_plot.pdf",
                "multiqc/global_report/multiqc_plots/pdf/fastqc_top_overrepresented_sequences_table.pdf",
                "multiqc/global_report/multiqc_plots/pdf/general_stats_table.pdf",
                "multiqc/global_report/multiqc_plots/pdf/hg001_1.pdf",
                "multiqc/global_report/multiqc_plots/png",
                "multiqc/global_report/multiqc_plots/png/fastq_screen_plot-cnt.png",
                "multiqc/global_report/multiqc_plots/png/fastq_screen_plot-pct.png",
                "multiqc/global_report/multiqc_plots/png/fastqc-status-check-heatmap.png",
                "multiqc/global_report/multiqc_plots/png/fastqc_adapter_content_plot.png",
                "multiqc/global_report/multiqc_plots/png/fastqc_overrepresented_sequences_plot.png",
                "multiqc/global_report/multiqc_plots/png/fastqc_per_base_n_content_plot.png",
                "multiqc/global_report/multiqc_plots/png/fastqc_per_base_sequence_quality_plot.png",
                "multiqc/global_report/multiqc_plots/png/fastqc_per_sequence_gc_content_plot_Counts.png",
                "multiqc/global_report/multiqc_plots/png/fastqc_per_sequence_gc_content_plot_Percentages.png",
                "multiqc/global_report/multiqc_plots/png/fastqc_per_sequence_quality_scores_plot.png",
                "multiqc/global_report/multiqc_plots/png/fastqc_sequence_counts_plot-cnt.png",
                "multiqc/global_report/multiqc_plots/png/fastqc_sequence_counts_plot-pct.png",
                "multiqc/global_report/multiqc_plots/png/fastqc_sequence_duplication_levels_plot.png",
                "multiqc/global_report/multiqc_plots/png/fastqc_sequence_length_distribution_plot.png",
                "multiqc/global_report/multiqc_plots/png/fastqc_top_overrepresented_sequences_table.png",
                "multiqc/global_report/multiqc_plots/png/general_stats_table.png",
                "multiqc/global_report/multiqc_plots/png/hg001_1.png",
                "multiqc/global_report/multiqc_plots/svg",
                "multiqc/global_report/multiqc_plots/svg/fastq_screen_plot-cnt.svg",
                "multiqc/global_report/multiqc_plots/svg/fastq_screen_plot-pct.svg",
                "multiqc/global_report/multiqc_plots/svg/fastqc-status-check-heatmap.svg",
                "multiqc/global_report/multiqc_plots/svg/fastqc_adapter_content_plot.svg",
                "multiqc/global_report/multiqc_plots/svg/fastqc_overrepresented_sequences_plot.svg",
                "multiqc/global_report/multiqc_plots/svg/fastqc_per_base_n_content_plot.svg",
                "multiqc/global_report/multiqc_plots/svg/fastqc_per_base_sequence_quality_plot.svg",
                "multiqc/global_report/multiqc_plots/svg/fastqc_per_sequence_gc_content_plot_Counts.svg",
                "multiqc/global_report/multiqc_plots/svg/fastqc_per_sequence_gc_content_plot_Percentages.svg",
                "multiqc/global_report/multiqc_plots/svg/fastqc_per_sequence_quality_scores_plot.svg",
                "multiqc/global_report/multiqc_plots/svg/fastqc_sequence_counts_plot-cnt.svg",
                "multiqc/global_report/multiqc_plots/svg/fastqc_sequence_counts_plot-pct.svg",
                "multiqc/global_report/multiqc_plots/svg/fastqc_sequence_duplication_levels_plot.svg",
                "multiqc/global_report/multiqc_plots/svg/fastqc_sequence_length_distribution_plot.svg",
                "multiqc/global_report/multiqc_plots/svg/fastqc_top_overrepresented_sequences_table.svg",
                "multiqc/global_report/multiqc_plots/svg/general_stats_table.svg",
                "multiqc/global_report/multiqc_plots/svg/hg001_1.svg",
                "multiqc/global_report/multiqc_report.html",
                "pipeline_info",
                "pipeline_info/nf_core_seqinspector_software_mqc_versions.yml",
                "seqfu_stats",
                "seqfu_stats/hg001_1.tsv",
                "seqfu_stats/hg001_1_mqc.txt"
            ],
            [
                "hg001_1_screen.png:md5,b9c58e388f18ad11f4c2e29e9b573a5e",
                "hg001_1_screen.txt:md5,8e53ea043d658a130f4b8ca455e2ba9b",
                "fastq_screen_plot.txt:md5,3023b86477fecf6d46d8fc60d82cc53a",
                "fastqc-status-check-heatmap.txt:md5,825668e94de27356f0a112beb758e416",
                "fastqc_adapter_content_plot.txt:md5,1fa991080c20755e5e729a5eeab960e5",
                "fastqc_overrepresented_sequences_plot.txt:md5,e810a3d3eba0ba83b122763505f511a7",
                "fastqc_per_base_n_content_plot.txt:md5,cbdb64298ff839665e8c8c8e89896e87",
                "fastqc_per_base_sequence_quality_plot.txt:md5,4962950bc3ce77169ac510d64cb769c6",
                "fastqc_per_sequence_gc_content_plot_Counts.txt:md5,e62273533304be59dab5f13afef93b3e",
                "fastqc_per_sequence_gc_content_plot_Percentages.txt:md5,3d49290a15406cb5dac1460c02729f0f",
                "fastqc_per_sequence_quality_scores_plot.txt:md5,7cc10d1bc92ca09431a506c38d911228",
                "fastqc_sequence_counts_plot.txt:md5,0425d7298c24df6158d5bf7aca1d4190",
                "fastqc_sequence_duplication_levels_plot.txt:md5,9111d942c7eed5af0e9ccb8c42db8505",
                "fastqc_sequence_length_distribution_plot.txt:md5,04adfcd0125ebcc3e3bb631f1956c812",
                "multiqc_citations.txt:md5,5f52d7a0141e4234c6069df9ef575c9a",
                "multiqc_fastq_screen.txt:md5,7c5d711e27c53d13c81644a1f2468dba",
                "multiqc_fastqc.txt:md5,1a4b472e13cadc770832b0e20d1de7b0",
                "multiqc_hg001_1.txt:md5,9595d608ff5709f2bdec8cb1016416c0",
                "hg001_1.tsv:md5,b133752c897afbb4d8721b911fa117d4",
                "hg001_1_mqc.txt:md5,6285f582c03faa70e8dcb3503e5db728"
            ]
        ],
        "meta": {
            "nf-test": "0.9.0",
            "nextflow": "24.10.3"
        },
        "timestamp": "2025-02-04T10:12:21.446251"
    }
}